// Jest Snapshot v1, https://goo.gl/fbAQLP

exports[`DummyClass greets 1`] = `
"Hello, A!
Hello, B!
Hello, C!
Hello, D!
Hello, E!
"
`;
